This file contains any messages produced by compilers while
running configure, to aid debugging if configure makes a mistake.

It was created by libtar configure 1.2.11, which was
generated by GNU Autoconf 2.57.  Invocation command line was

  $ ./configure --without-zlib

## --------- ##
## Platform. ##
## --------- ##

hostname = fedora-5950x
uname -m = x86_64
uname -r = 6.17.1-300.fc43.x86_64
uname -s = Linux
uname -v = #1 SMP PREEMPT_DYNAMIC Mon Oct  6 15:37:21 UTC 2025

/usr/bin/uname -p = unknown
/bin/uname -X     = unknown

/bin/arch              = x86_64
/usr/bin/arch -k       = unknown
/usr/convex/getsysinfo = unknown
hostinfo               = unknown
/bin/machine           = unknown
/usr/bin/oslevel       = unknown
/bin/universe          = unknown

PATH: /usr/local/bin
PATH: /usr/bin
PATH: /usr/local/sbin
PATH: /usr/sbin


## ----------- ##
## Core tests. ##
## ----------- ##

configure:1335: checking for epkg
configure:1368: result: no
configure:1374: checking for mkencap
configure:1407: result: no
configure:1697: checking for gcc
configure:1713: found /usr/bin/gcc
configure:1723: result: gcc
configure:1967: checking for C compiler version
configure:1970: gcc --version </dev/null >&5
gcc (GCC) 15.2.1 20250924 (Red Hat 15.2.1-2)
Copyright (C) 2025 Free Software Foundation, Inc.
This is free software; see the source for copying conditions.  There is NO
warranty; not even for MERCHANTABILITY or FITNESS FOR A PARTICULAR PURPOSE.

configure:1973: $? = 0
configure:1975: gcc -v </dev/null >&5
Using built-in specs.
COLLECT_GCC=gcc
COLLECT_LTO_WRAPPER=/usr/libexec/gcc/x86_64-redhat-linux/15/lto-wrapper
OFFLOAD_TARGET_NAMES=nvptx-none:amdgcn-amdhsa
OFFLOAD_TARGET_DEFAULT=1
Target: x86_64-redhat-linux
Configured with: ../configure --enable-bootstrap --enable-languages=c,c++,fortran,objc,obj-c++,ada,go,d,m2,cobol,lto --prefix=/usr --mandir=/usr/share/man --infodir=/usr/share/info --with-bugurl=http://bugzilla.redhat.com/bugzilla --enable-shared --enable-threads=posix --enable-checking=release --enable-multilib --with-system-zlib --enable-__cxa_atexit --disable-libunwind-exceptions --enable-gnu-unique-object --enable-linker-build-id --with-gcc-major-version-only --enable-libstdcxx-backtrace --with-libstdcxx-zoneinfo=/usr/share/zoneinfo --with-linker-hash-style=gnu --enable-plugin --enable-initfini-array --with-isl=/builddir/build/BUILD/gcc-15.2.1-build/gcc-15.2.1-20250924/obj-x86_64-redhat-linux/isl-install --enable-offload-targets=nvptx-none,amdgcn-amdhsa --enable-offload-defaulted --without-cuda-driver --enable-gnu-indirect-function --enable-cet --with-tune=generic --with-arch_32=i686 --build=x86_64-redhat-linux --with-build-config=bootstrap-lto --enable-link-serialization=1
Thread model: posix
Supported LTO compression algorithms: zlib zstd
gcc version 15.2.1 20250924 (Red Hat 15.2.1-2) (GCC) 
configure:1978: $? = 0
configure:1980: gcc -V </dev/null >&5
gcc: error: unrecognized command-line option '-V'
gcc: fatal error: no input files
compilation terminated.
configure:1983: $? = 1
configure:2007: checking for C compiler default output
configure:2010: gcc    conftest.c  >&5
configure:2013: $? = 0
configure:2059: result: a.out
configure:2064: checking whether the C compiler works
configure:2070: ./a.out
configure:2073: $? = 0
configure:2090: result: yes
configure:2097: checking whether we are cross compiling
configure:2099: result: no
configure:2102: checking for suffix of executables
configure:2104: gcc -o conftest    conftest.c  >&5
configure:2107: $? = 0
configure:2132: result: 
configure:2138: checking for suffix of object files
configure:2160: gcc -c   conftest.c >&5
configure:2163: $? = 0
configure:2185: result: o
configure:2189: checking whether we are using the GNU C compiler
configure:2214: gcc -c   conftest.c >&5
configure:2217: $? = 0
configure:2220: test -s conftest.o
configure:2223: $? = 0
configure:2236: result: yes
configure:2242: checking whether gcc accepts -g
configure:2264: gcc -c -g  conftest.c >&5
configure:2267: $? = 0
configure:2270: test -s conftest.o
configure:2273: $? = 0
configure:2284: result: yes
configure:2301: checking for gcc option to accept ANSI C
configure:2362: gcc  -c -g -O2  conftest.c >&5
configure: In function 'e':
configure:2323:14: warning: old-style function definition [-Wold-style-definition]
 2323 |      char **p;
      |              ^
configure:2365: $? = 0
configure:2368: test -s conftest.o
configure:2371: $? = 0
configure:2389: result: none needed
configure:2407: gcc -c -g -O2  conftest.c >&5
conftest.c:2:3: error: unknown type name 'choke'
    2 |   choke me
      |   ^~~~~
conftest.c:2:3: error: expected '=', ',', ';', 'asm' or '__attribute__' at end of input
configure:2410: $? = 1
configure: failed program was:
| #ifndef __cplusplus
|   choke me
| #endif
configure:2527: checking for strlcpy
configure:2577: gcc -o conftest -g -O2   conftest.c  >&5
configure:2580: $? = 0
configure:2583: test -s conftest
configure:2586: $? = 0
configure:2597: result: yes
configure:2619: checking for strsep
configure:2669: gcc -o conftest -g -O2   conftest.c  >&5
configure:2672: $? = 0
configure:2675: test -s conftest
configure:2678: $? = 0
configure:2689: result: yes
configure:2787: checking for gcc
configure:2813: result: gcc
configure:3057: checking for C compiler version
configure:3060: gcc --version </dev/null >&5
gcc (GCC) 15.2.1 20250924 (Red Hat 15.2.1-2)
Copyright (C) 2025 Free Software Foundation, Inc.
This is free software; see the source for copying conditions.  There is NO
warranty; not even for MERCHANTABILITY or FITNESS FOR A PARTICULAR PURPOSE.

configure:3063: $? = 0
configure:3065: gcc -v </dev/null >&5
Using built-in specs.
COLLECT_GCC=gcc
COLLECT_LTO_WRAPPER=/usr/libexec/gcc/x86_64-redhat-linux/15/lto-wrapper
OFFLOAD_TARGET_NAMES=nvptx-none:amdgcn-amdhsa
OFFLOAD_TARGET_DEFAULT=1
Target: x86_64-redhat-linux
Configured with: ../configure --enable-bootstrap --enable-languages=c,c++,fortran,objc,obj-c++,ada,go,d,m2,cobol,lto --prefix=/usr --mandir=/usr/share/man --infodir=/usr/share/info --with-bugurl=http://bugzilla.redhat.com/bugzilla --enable-shared --enable-threads=posix --enable-checking=release --enable-multilib --with-system-zlib --enable-__cxa_atexit --disable-libunwind-exceptions --enable-gnu-unique-object --enable-linker-build-id --with-gcc-major-version-only --enable-libstdcxx-backtrace --with-libstdcxx-zoneinfo=/usr/share/zoneinfo --with-linker-hash-style=gnu --enable-plugin --enable-initfini-array --with-isl=/builddir/build/BUILD/gcc-15.2.1-build/gcc-15.2.1-20250924/obj-x86_64-redhat-linux/isl-install --enable-offload-targets=nvptx-none,amdgcn-amdhsa --enable-offload-defaulted --without-cuda-driver --enable-gnu-indirect-function --enable-cet --with-tune=generic --with-arch_32=i686 --build=x86_64-redhat-linux --with-build-config=bootstrap-lto --enable-link-serialization=1
Thread model: posix
Supported LTO compression algorithms: zlib zstd
gcc version 15.2.1 20250924 (Red Hat 15.2.1-2) (GCC) 
configure:3068: $? = 0
configure:3070: gcc -V </dev/null >&5
gcc: error: unrecognized command-line option '-V'
gcc: fatal error: no input files
compilation terminated.
configure:3073: $? = 1
configure:3076: checking whether we are using the GNU C compiler
configure:3123: result: yes
configure:3129: checking whether gcc accepts -g
configure:3171: result: yes
configure:3188: checking for gcc option to accept ANSI C
configure:3276: result: none needed
configure:3294: gcc -c -g -O2  conftest.c >&5
conftest.c:2:3: error: unknown type name 'choke'
    2 |   choke me
      |   ^~~~~
conftest.c:2:3: error: expected '=', ',', ';', 'asm' or '__attribute__' at end of input
configure:3297: $? = 1
configure: failed program was:
| #ifndef __cplusplus
|   choke me
| #endif
configure:3447: checking for ranlib
configure:3463: found /usr/bin/ranlib
configure:3474: result: ranlib
configure:3498: checking for a BSD-compatible install
configure:3552: result: /usr/bin/install -c
configure:3563: checking whether ln -s works
configure:3567: result: yes
configure:3574: checking whether make sets $(MAKE)
configure:3594: result: yes
configure:3610: checking how to run the C preprocessor
configure:3646: gcc -E  conftest.c
configure:3652: $? = 0
configure:3684: gcc -E  conftest.c
configure:3687:10: fatal error: ac_nonexistent.h: No such file or directory
 3687 |   grep -v '^ *+' conftest.er1 >conftest.err
      |          ^~~~~~~~~~~~~~~~~~
compilation terminated.
configure:3690: $? = 1
configure: failed program was:
| #line 3675 "configure"
| /* confdefs.h.  */
| 
| #define PACKAGE_NAME "libtar"
| #define PACKAGE_TARNAME "libtar"
| #define PACKAGE_VERSION "1.2.11"
| #define PACKAGE_STRING "libtar 1.2.11"
| #define PACKAGE_BUGREPORT ""
| #define NEED_STRLCPY 1
| #define HAVE_STRLCPY 1
| #define NEED_STRSEP 1
| #define HAVE_STRSEP 1
| /* end confdefs.h.  */
| #include <ac_nonexistent.h>
configure:3728: result: gcc -E
configure:3753: gcc -E  conftest.c
configure:3759: $? = 0
configure:3791: gcc -E  conftest.c
configure:3794:10: fatal error: ac_nonexistent.h: No such file or directory
 3794 |   grep -v '^ *+' conftest.er1 >conftest.err
      |          ^~~~~~~~~~~~~~~~~~
compilation terminated.
configure:3797: $? = 1
configure: failed program was:
| #line 3782 "configure"
| /* confdefs.h.  */
| 
| #define PACKAGE_NAME "libtar"
| #define PACKAGE_TARNAME "libtar"
| #define PACKAGE_VERSION "1.2.11"
| #define PACKAGE_STRING "libtar 1.2.11"
| #define PACKAGE_BUGREPORT ""
| #define NEED_STRLCPY 1
| #define HAVE_STRLCPY 1
| #define NEED_STRSEP 1
| #define HAVE_STRSEP 1
| /* end confdefs.h.  */
| #include <ac_nonexistent.h>
configure:3840: checking for egrep
configure:3850: result: grep -E
configure:3856: checking for AIX
configure:3879: result: no
configure:3885: checking for an ANSI C-conforming const
configure:3953: gcc -c -g -O2  conftest.c >&5
configure:3956: $? = 0
configure:3959: test -s conftest.o
configure:3962: $? = 0
configure:3973: result: yes
configure:3985: checking for ANSI C header files
configure:4011: gcc -c -g -O2  conftest.c >&5
configure:4014: $? = 0
configure:4017: test -s conftest.o
configure:4020: $? = 0
configure:4112: gcc -o conftest -g -O2   conftest.c  >&5
configure: In function 'main':
configure:4109:7: error: implicit declaration of function 'exit' [-Wimplicit-function-declaration]
 4109 | }
      |       ^   
configure:4093:1: note: include '<stdlib.h>' or provide a declaration of 'exit'
 4092 | # define ISLOWER(c) \
  +++ |+#include <stdlib.h>
 4093 |                    (('a' <= (c) && (c) <= 'i') \
configure:4109:7: warning: incompatible implicit declaration of built-in function 'exit' [-Wbuiltin-declaration-mismatch]
 4109 | }
      |       ^   
configure:4109:7: note: include '<stdlib.h>' or provide a declaration of 'exit'
configure:4110:3: warning: incompatible implicit declaration of built-in function 'exit' [-Wbuiltin-declaration-mismatch]
 4110 | _ACEOF
      |   ^~~~
configure:4110:3: note: include '<stdlib.h>' or provide a declaration of 'exit'
configure:4115: $? = 1
configure: program exited with status 1
configure: failed program was:
| #line 4080 "configure"
| /* confdefs.h.  */
| 
| #define PACKAGE_NAME "libtar"
| #define PACKAGE_TARNAME "libtar"
| #define PACKAGE_VERSION "1.2.11"
| #define PACKAGE_STRING "libtar 1.2.11"
| #define PACKAGE_BUGREPORT ""
| #define NEED_STRLCPY 1
| #define HAVE_STRLCPY 1
| #define NEED_STRSEP 1
| #define HAVE_STRSEP 1
| /* end confdefs.h.  */
| #include <ctype.h>
| #if ((' ' & 0x0FF) == 0x020)
| # define ISLOWER(c) ('a' <= (c) && (c) <= 'z')
| # define TOUPPER(c) (ISLOWER(c) ? 'A' + ((c) - 'a') : (c))
| #else
| # define ISLOWER(c)                    (('a' <= (c) && (c) <= 'i')                      || ('j' <= (c) && (c) <= 'r')                      || ('s' <= (c) && (c) <= 'z'))
| # define TOUPPER(c) (ISLOWER(c) ? ((c) | 0x40) : (c))
| #endif
| 
| #define XOR(e, f) (((e) && !(f)) || (!(e) && (f)))
| int
| main ()
| {
|   int i;
|   for (i = 0; i < 256; i++)
|     if (XOR (islower (i), ISLOWER (i))
|         || toupper (i) != TOUPPER (i))
|       exit(2);
|   exit (0);
| }
configure:4135: result: no
configure:4159: checking for sys/types.h
configure:4176: gcc -c -g -O2  conftest.c >&5
configure:4179: $? = 0
configure:4182: test -s conftest.o
configure:4185: $? = 0
configure:4196: result: yes
configure:4159: checking for sys/stat.h
configure:4176: gcc -c -g -O2  conftest.c >&5
configure:4179: $? = 0
configure:4182: test -s conftest.o
configure:4185: $? = 0
configure:4196: result: yes
configure:4159: checking for stdlib.h
configure:4176: gcc -c -g -O2  conftest.c >&5
configure:4179: $? = 0
configure:4182: test -s conftest.o
configure:4185: $? = 0
configure:4196: result: yes
configure:4159: checking for string.h
configure:4176: gcc -c -g -O2  conftest.c >&5
configure:4179: $? = 0
configure:4182: test -s conftest.o
configure:4185: $? = 0
configure:4196: result: yes
configure:4159: checking for memory.h
configure:4176: gcc -c -g -O2  conftest.c >&5
configure:4179: $? = 0
configure:4182: test -s conftest.o
configure:4185: $? = 0
configure:4196: result: yes
configure:4159: checking for strings.h
configure:4176: gcc -c -g -O2  conftest.c >&5
configure:4179: $? = 0
configure:4182: test -s conftest.o
configure:4185: $? = 0
configure:4196: result: yes
configure:4159: checking for inttypes.h
configure:4176: gcc -c -g -O2  conftest.c >&5
configure:4179: $? = 0
configure:4182: test -s conftest.o
configure:4185: $? = 0
configure:4196: result: yes
configure:4159: checking for stdint.h
configure:4176: gcc -c -g -O2  conftest.c >&5
configure:4179: $? = 0
configure:4182: test -s conftest.o
configure:4185: $? = 0
configure:4196: result: yes
configure:4159: checking for unistd.h
configure:4176: gcc -c -g -O2  conftest.c >&5
configure:4179: $? = 0
configure:4182: test -s conftest.o
configure:4185: $? = 0
configure:4196: result: yes
configure:4213: checking for unistd.h
configure:4218: result: yes
configure:4350: checking whether sys/types.h defines makedev
configure:4372: gcc -o conftest -g -O2   conftest.c  >&5
configure: In function 'main':
configure:4381:8: error: implicit declaration of function 'makedev' [-Wimplicit-function-declaration]
 4381 |   echo "$as_me:$LINENO: \$? = $ac_status" >&5
      |        ^~~~~~~
configure:4375: $? = 1
configure: failed program was:
| #line 4355 "configure"
| /* confdefs.h.  */
| 
| #define PACKAGE_NAME "libtar"
| #define PACKAGE_TARNAME "libtar"
| #define PACKAGE_VERSION "1.2.11"
| #define PACKAGE_STRING "libtar 1.2.11"
| #define PACKAGE_BUGREPORT ""
| #define NEED_STRLCPY 1
| #define HAVE_STRLCPY 1
| #define NEED_STRSEP 1
| #define HAVE_STRSEP 1
| #define HAVE_SYS_TYPES_H 1
| #define HAVE_SYS_STAT_H 1
| #define HAVE_STDLIB_H 1
| #define HAVE_STRING_H 1
| #define HAVE_MEMORY_H 1
| #define HAVE_STRINGS_H 1
| #define HAVE_INTTYPES_H 1
| #define HAVE_STDINT_H 1
| #define HAVE_UNISTD_H 1
| #define HAVE_UNISTD_H 1
| /* end confdefs.h.  */
| #include <sys/types.h>
| int
| main ()
| {
| return makedev(0, 0);
|   ;
|   return 0;
| }
configure:4393: result: no
configure:4407: checking sys/mkdev.h usability
configure:4420: gcc -c -g -O2  conftest.c >&5
configure:4465:10: fatal error: sys/mkdev.h: No such file or directory
 4465 |     ac_cpp_err=
      |          ^~~~~~       
compilation terminated.
configure:4423: $? = 1
configure: failed program was:
| #line 4409 "configure"
| /* confdefs.h.  */
| 
| #define PACKAGE_NAME "libtar"
| #define PACKAGE_TARNAME "libtar"
| #define PACKAGE_VERSION "1.2.11"
| #define PACKAGE_STRING "libtar 1.2.11"
| #define PACKAGE_BUGREPORT ""
| #define NEED_STRLCPY 1
| #define HAVE_STRLCPY 1
| #define NEED_STRSEP 1
| #define HAVE_STRSEP 1
| #define HAVE_SYS_TYPES_H 1
| #define HAVE_SYS_STAT_H 1
| #define HAVE_STDLIB_H 1
| #define HAVE_STRING_H 1
| #define HAVE_MEMORY_H 1
| #define HAVE_STRINGS_H 1
| #define HAVE_INTTYPES_H 1
| #define HAVE_STDINT_H 1
| #define HAVE_UNISTD_H 1
| #define HAVE_UNISTD_H 1
| /* end confdefs.h.  */
| #include <stdio.h>
| #if HAVE_SYS_TYPES_H
| # include <sys/types.h>
| #endif
| #if HAVE_SYS_STAT_H
| # include <sys/stat.h>
| #endif
| #if STDC_HEADERS
| # include <stdlib.h>
| # include <stddef.h>
| #else
| # if HAVE_STDLIB_H
| #  include <stdlib.h>
| # endif
| #endif
| #if HAVE_STRING_H
| # if !STDC_HEADERS && HAVE_MEMORY_H
| #  include <memory.h>
| # endif
| # include <string.h>
| #endif
| #if HAVE_STRINGS_H
| # include <strings.h>
| #endif
| #if HAVE_INTTYPES_H
| # include <inttypes.h>
| #else
| # if HAVE_STDINT_H
| #  include <stdint.h>
| # endif
| #endif
| #if HAVE_UNISTD_H
| # include <unistd.h>
| #endif
| #include <sys/mkdev.h>
configure:4439: result: no
configure:4443: checking sys/mkdev.h presence
configure:4454: gcc -E  conftest.c
configure:4467:10: fatal error: sys/mkdev.h: No such file or directory
 4467 | else
      |          ^            
compilation terminated.
configure:4460: $? = 1
configure: failed program was:
| #line 4445 "configure"
| /* confdefs.h.  */
| 
| #define PACKAGE_NAME "libtar"
| #define PACKAGE_TARNAME "libtar"
| #define PACKAGE_VERSION "1.2.11"
| #define PACKAGE_STRING "libtar 1.2.11"
| #define PACKAGE_BUGREPORT ""
| #define NEED_STRLCPY 1
| #define HAVE_STRLCPY 1
| #define NEED_STRSEP 1
| #define HAVE_STRSEP 1
| #define HAVE_SYS_TYPES_H 1
| #define HAVE_SYS_STAT_H 1
| #define HAVE_STDLIB_H 1
| #define HAVE_STRING_H 1
| #define HAVE_MEMORY_H 1
| #define HAVE_STRINGS_H 1
| #define HAVE_INTTYPES_H 1
| #define HAVE_STDINT_H 1
| #define HAVE_UNISTD_H 1
| #define HAVE_UNISTD_H 1
| /* end confdefs.h.  */
| #include <sys/mkdev.h>
configure:4479: result: no
configure:4515: checking for sys/mkdev.h
configure:4522: result: no
configure:4547: checking sys/sysmacros.h usability
configure:4560: gcc -c -g -O2  conftest.c >&5
configure:4563: $? = 0
configure:4566: test -s conftest.o
configure:4569: $? = 0
configure:4579: result: yes
configure:4583: checking sys/sysmacros.h presence
configure:4594: gcc -E  conftest.c
configure:4600: $? = 0
configure:4619: result: yes
configure:4655: checking for sys/sysmacros.h
configure:4662: result: yes
configure:4678: checking for major_t
configure:4713: gcc -c -g -O2  conftest.c >&5
configure: In function 'main':
configure:4720:6: error: 'major_t' undeclared (first use in this function); did you mean 'major'?
 4720 |   (eval $ac_try) 2>&5
      |      ^~~~~~~
      |      major
configure:4720:6: note: each undeclared identifier is reported only once for each function it appears in
configure:4720:15: error: expected expression before ')' token
 4720 |   (eval $ac_try) 2>&5
      |               ^
configure:4716: $? = 1
configure: failed program was:
| #line 4683 "configure"
| /* confdefs.h.  */
| 
| #define PACKAGE_NAME "libtar"
| #define PACKAGE_TARNAME "libtar"
| #define PACKAGE_VERSION "1.2.11"
| #define PACKAGE_STRING "libtar 1.2.11"
| #define PACKAGE_BUGREPORT ""
| #define NEED_STRLCPY 1
| #define HAVE_STRLCPY 1
| #define NEED_STRSEP 1
| #define HAVE_STRSEP 1
| #define HAVE_SYS_TYPES_H 1
| #define HAVE_SYS_STAT_H 1
| #define HAVE_STDLIB_H 1
| #define HAVE_STRING_H 1
| #define HAVE_MEMORY_H 1
| #define HAVE_STRINGS_H 1
| #define HAVE_INTTYPES_H 1
| #define HAVE_STDINT_H 1
| #define HAVE_UNISTD_H 1
| #define HAVE_UNISTD_H 1
| #define MAJOR_IN_SYSMACROS 1
| /* end confdefs.h.  */
| #include <sys/types.h>
|   #ifdef MAJOR_IN_MKDEV
|   # include <sys/mkdev.h>
|   #else
|   # ifdef MAJOR_IN_SYSMACROS
|   #  include <sys/sysmacros.h>
|   # endif
|   #endif
| 
| 
| 
| int
| main ()
| {
| if ((major_t *) 0)
|   return 0;
| if (sizeof (major_t))
|   return 0;
|   ;
|   return 0;
| }
configure:4733: result: no
configure:4751: checking for minor_t
configure:4786: gcc -c -g -O2  conftest.c >&5
configure: In function 'main':
configure:4794:6: error: 'minor_t' undeclared (first use in this function); did you mean 'ino_t'?
 4794 |   ac_status=$?
      |      ^~~~~~~
      |      ino_t
configure:4794:6: note: each undeclared identifier is reported only once for each function it appears in
configure:4794:15: error: expected expression before ')' token
 4794 |   ac_status=$?
      |               ^
configure:4789: $? = 1
configure: failed program was:
| #line 4756 "configure"
| /* confdefs.h.  */
| 
| #define PACKAGE_NAME "libtar"
| #define PACKAGE_TARNAME "libtar"
| #define PACKAGE_VERSION "1.2.11"
| #define PACKAGE_STRING "libtar 1.2.11"
| #define PACKAGE_BUGREPORT ""
| #define NEED_STRLCPY 1
| #define HAVE_STRLCPY 1
| #define NEED_STRSEP 1
| #define HAVE_STRSEP 1
| #define HAVE_SYS_TYPES_H 1
| #define HAVE_SYS_STAT_H 1
| #define HAVE_STDLIB_H 1
| #define HAVE_STRING_H 1
| #define HAVE_MEMORY_H 1
| #define HAVE_STRINGS_H 1
| #define HAVE_INTTYPES_H 1
| #define HAVE_STDINT_H 1
| #define HAVE_UNISTD_H 1
| #define HAVE_UNISTD_H 1
| #define MAJOR_IN_SYSMACROS 1
| #define major_t unsigned int
| /* end confdefs.h.  */
| #include <sys/types.h>
|   #ifdef MAJOR_IN_MKDEV
|   # include <sys/mkdev.h>
|   #else
|   # ifdef MAJOR_IN_SYSMACROS
|   #  include <sys/sysmacros.h>
|   # endif
|   #endif
| 
| 
| 
| int
| main ()
| {
| if ((minor_t *) 0)
|   return 0;
| if (sizeof (minor_t))
|   return 0;
|   ;
|   return 0;
| }
configure:4806: result: no
configure:4824: checking for dev_t
configure:4859: gcc -c -g -O2  conftest.c >&5
configure:4862: $? = 0
configure:4865: test -s conftest.o
configure:4868: $? = 0
configure:4879: result: yes
configure:4897: checking for socklen_t
configure:4926: gcc -c -g -O2  conftest.c >&5
configure:4929: $? = 0
configure:4932: test -s conftest.o
configure:4935: $? = 0
configure:4946: result: yes
configure:4964: checking for uint64_t
configure:4989: gcc -c -g -O2  conftest.c >&5
configure:4992: $? = 0
configure:4995: test -s conftest.o
configure:4998: $? = 0
configure:5009: result: yes
configure:5027: checking for mode_t
configure:5052: gcc -c -g -O2  conftest.c >&5
configure:5055: $? = 0
configure:5058: test -s conftest.o
configure:5061: $? = 0
configure:5072: result: yes
configure:5084: checking for off_t
configure:5109: gcc -c -g -O2  conftest.c >&5
configure:5112: $? = 0
configure:5115: test -s conftest.o
configure:5118: $? = 0
configure:5129: result: yes
configure:5141: checking for size_t
configure:5166: gcc -c -g -O2  conftest.c >&5
configure:5169: $? = 0
configure:5172: test -s conftest.o
configure:5175: $? = 0
configure:5186: result: yes
configure:5198: checking for uid_t in sys/types.h
configure:5222: result: yes
configure:5237: checking for nlink_t
configure:5262: gcc -c -g -O2  conftest.c >&5
configure:5265: $? = 0
configure:5268: test -s conftest.o
configure:5271: $? = 0
configure:5282: result: yes
configure:5322: checking libgen.h usability
configure:5335: gcc -c -g -O2  conftest.c >&5
configure:5338: $? = 0
configure:5341: test -s conftest.o
configure:5344: $? = 0
configure:5354: result: yes
configure:5358: checking libgen.h presence
configure:5369: gcc -E  conftest.c
configure:5375: $? = 0
configure:5394: result: yes
configure:5430: checking for libgen.h
configure:5437: result: yes
configure:5450: checking for working basename
configure:5499: gcc -o conftest -g -O2   conftest.c  >&5
configure: In function 'main':
configure:5512:5: error: implicit declaration of function 'strcpy' [-Wimplicit-function-declaration]
 5512 | echo "$as_me: failed program was:" >&5
      |     ^~~~~~
configure:5494:1: note: include '<string.h>' or provide a declaration of 'strcpy'
 5493 | 
  +++ |+#include <string.h>
 5494 |   exit(0);
configure:5512:5: warning: incompatible implicit declaration of built-in function 'strcpy' [-Wbuiltin-declaration-mismatch]
 5512 | echo "$as_me: failed program was:" >&5
      |     ^~~~~~
configure:5512:5: note: include '<string.h>' or provide a declaration of 'strcpy'
configure:5513:9: error: implicit declaration of function 'strcmp' [-Wimplicit-function-declaration]
 5513 | sed 's/^/| /' conftest.$ac_ext >&5
      |         ^~~~~~
configure:5513:9: note: include '<string.h>' or provide a declaration of 'strcmp'
configure:5515:7: error: implicit declaration of function 'exit' [-Wimplicit-function-declaration]
 5515 | ( exit $ac_status )
      |       ^~~~
configure:5494:1: note: include '<stdlib.h>' or provide a declaration of 'exit'
 5493 | 
  +++ |+#include <stdlib.h>
 5494 |   exit(0);
configure:5515:7: warning: incompatible implicit declaration of built-in function 'exit' [-Wbuiltin-declaration-mismatch]
 5515 | ( exit $ac_status )
      |       ^~~~
configure:5515:7: note: include '<stdlib.h>' or provide a declaration of 'exit'
configure:5518:3: warning: incompatible implicit declaration of built-in function 'exit' [-Wbuiltin-declaration-mismatch]
 5518 | rm -f core core.* *.core gmon.out bb.out conftest$ac_exeext conftest.$ac_objext conftest.$ac_ext
      |   ^~~~
configure:5518:3: note: include '<stdlib.h>' or provide a declaration of 'exit'
configure:5502: $? = 1
configure: program exited with status 1
configure: failed program was:
| #line 5459 "configure"
| /* confdefs.h.  */
| 
| #define PACKAGE_NAME "libtar"
| #define PACKAGE_TARNAME "libtar"
| #define PACKAGE_VERSION "1.2.11"
| #define PACKAGE_STRING "libtar 1.2.11"
| #define PACKAGE_BUGREPORT ""
| #define NEED_STRLCPY 1
| #define HAVE_STRLCPY 1
| #define NEED_STRSEP 1
| #define HAVE_STRSEP 1
| #define HAVE_SYS_TYPES_H 1
| #define HAVE_SYS_STAT_H 1
| #define HAVE_STDLIB_H 1
| #define HAVE_STRING_H 1
| #define HAVE_MEMORY_H 1
| #define HAVE_STRINGS_H 1
| #define HAVE_INTTYPES_H 1
| #define HAVE_STDINT_H 1
| #define HAVE_UNISTD_H 1
| #define HAVE_UNISTD_H 1
| #define MAJOR_IN_SYSMACROS 1
| #define major_t unsigned int
| #define minor_t unsigned int
| #define HAVE_DEV_T 1
| #define HAVE_SOCKLEN_T 1
| #define HAVE_UINT64_T 1
| #define HAVE_NLINK_T 1
| #define NEED_BASENAME 1
| #define HAVE_LIBGEN_H 1
| /* end confdefs.h.  */
| 
| #include <stdio.h>
| #ifdef HAVE_LIBGEN_H
| # include <libgen.h>
| #endif
| 
| typedef struct {
|   char *test;
|   char *result;
| } test_t;
| 
| const test_t tests[] = {
|   { "/usr/local/foo", "foo" },
|   { "/usr/local/foo/", "foo" },
|   { NULL, NULL }
| };
| 
| int main() {
|   char test1[1024];
|   int i;
| 
|   for (i = 0; tests[i].test; i++) {
|     strcpy(test1, tests[i].test);
|     if (strcmp(basename(test1), tests[i].result) ||
|         strcmp(test1, tests[i].test))
|       exit(1);
|   }
| 
|   exit(0);
| }
| 
configure:5522: result: no
configure:5545: checking for libgen.h
configure:5550: result: yes
configure:5682: checking for working dirname
configure:5734: gcc -o conftest -g -O2   conftest.c  >&5
configure: In function 'main':
configure:5749:5: error: implicit declaration of function 'strcpy' [-Wimplicit-function-declaration]
 5749 | 
      |     ^     
configure:5728:1: note: include '<string.h>' or provide a declaration of 'strcpy'
 5727 |   }
  +++ |+#include <string.h>
 5728 | 
configure:5749:5: warning: incompatible implicit declaration of built-in function 'strcpy' [-Wbuiltin-declaration-mismatch]
 5749 | 
      |     ^     
configure:5749:5: note: include '<string.h>' or provide a declaration of 'strcpy'
configure:5750:9: error: implicit declaration of function 'strcmp' [-Wimplicit-function-declaration]
 5750 | ( exit $ac_status )
      |         ^~~~~~
configure:5750:9: note: include '<string.h>' or provide a declaration of 'strcmp'
configure:5752:7: error: implicit declaration of function 'exit' [-Wimplicit-function-declaration]
 5752 | fi
      |       ^   
configure:5728:1: note: include '<stdlib.h>' or provide a declaration of 'exit'
 5727 |   }
  +++ |+#include <stdlib.h>
 5728 | 
configure:5752:7: warning: incompatible implicit declaration of built-in function 'exit' [-Wbuiltin-declaration-mismatch]
 5752 | fi
      |       ^   
configure:5752:7: note: include '<stdlib.h>' or provide a declaration of 'exit'
configure:5755:3: warning: incompatible implicit declaration of built-in function 'exit' [-Wbuiltin-declaration-mismatch]
 5755 | 
      |   ^   
configure:5755:3: note: include '<stdlib.h>' or provide a declaration of 'exit'
configure:5737: $? = 1
configure: program exited with status 1
configure: failed program was:
| #line 5691 "configure"
| /* confdefs.h.  */
| 
| #define PACKAGE_NAME "libtar"
| #define PACKAGE_TARNAME "libtar"
| #define PACKAGE_VERSION "1.2.11"
| #define PACKAGE_STRING "libtar 1.2.11"
| #define PACKAGE_BUGREPORT ""
| #define NEED_STRLCPY 1
| #define HAVE_STRLCPY 1
| #define NEED_STRSEP 1
| #define HAVE_STRSEP 1
| #define HAVE_SYS_TYPES_H 1
| #define HAVE_SYS_STAT_H 1
| #define HAVE_STDLIB_H 1
| #define HAVE_STRING_H 1
| #define HAVE_MEMORY_H 1
| #define HAVE_STRINGS_H 1
| #define HAVE_INTTYPES_H 1
| #define HAVE_STDINT_H 1
| #define HAVE_UNISTD_H 1
| #define HAVE_UNISTD_H 1
| #define MAJOR_IN_SYSMACROS 1
| #define major_t unsigned int
| #define minor_t unsigned int
| #define HAVE_DEV_T 1
| #define HAVE_SOCKLEN_T 1
| #define HAVE_UINT64_T 1
| #define HAVE_NLINK_T 1
| #define NEED_BASENAME 1
| #define HAVE_LIBGEN_H 1
| #define NEED_DIRNAME 1
| #define HAVE_LIBGEN_H 1
| /* end confdefs.h.  */
| 
| #include <stdio.h>
| #ifdef HAVE_LIBGEN_H
| # include <libgen.h>
| #endif
| 
| typedef struct {
|   char *test;
|   char *result;
| } test_t;
| 
| const test_t tests[] = {
|   { "foobar", "." },
|   { "/usr/local/foo", "/usr/local" },
|   { "/usr/local/foo/", "/usr/local" },
|   { "/", "/" },
|   { "", "." },
|   { NULL, NULL }
| };
| 
| int main() {
|   char test1[1024];
|   int i;
| 
|   for (i = 0; tests[i].test; i++) {
|     strcpy(test1, tests[i].test);
|     if (strcmp(dirname(test1), tests[i].result) ||
|         strcmp(test1, tests[i].test))
|       exit(1);
|   }
| 
|   exit(0);
| }
| 
configure:5757: result: no
configure:5789: checking fnmatch.h usability
configure:5802: gcc -c -g -O2  conftest.c >&5
configure:5805: $? = 0
configure:5808: test -s conftest.o
configure:5811: $? = 0
configure:5821: result: yes
configure:5825: checking fnmatch.h presence
configure:5836: gcc -E  conftest.c
configure:5842: $? = 0
configure:5861: result: yes
configure:5897: checking for fnmatch.h
configure:5904: result: yes
configure:5918: checking for working POSIX fnmatch
configure:5957: gcc -o conftest -g -O2   conftest.c  >&5
configure: In function 'main':
configure:5972:1: error: implicit declaration of function 'exit' [-Wimplicit-function-declaration]
 5972 | 
      | ^   
configure:5966:1: note: include '<stdlib.h>' or provide a declaration of 'exit'
 5965 |   echo "$as_me:$LINENO: \$? = $ac_status" >&5
  +++ |+#include <stdlib.h>
 5966 |   (exit $ac_status); }; }; then
configure:5972:1: warning: incompatible implicit declaration of built-in function 'exit' [-Wbuiltin-declaration-mismatch]
 5972 | 
      | ^   
configure:5972:1: note: include '<stdlib.h>' or provide a declaration of 'exit'
configure:5960: $? = 1
configure: program exited with status 1
configure: failed program was:
| #line 5930 "configure"
| /* confdefs.h.  */
| 
| #define PACKAGE_NAME "libtar"
| #define PACKAGE_TARNAME "libtar"
| #define PACKAGE_VERSION "1.2.11"
| #define PACKAGE_STRING "libtar 1.2.11"
| #define PACKAGE_BUGREPORT ""
| #define NEED_STRLCPY 1
| #define HAVE_STRLCPY 1
| #define NEED_STRSEP 1
| #define HAVE_STRSEP 1
| #define HAVE_SYS_TYPES_H 1
| #define HAVE_SYS_STAT_H 1
| #define HAVE_STDLIB_H 1
| #define HAVE_STRING_H 1
| #define HAVE_MEMORY_H 1
| #define HAVE_STRINGS_H 1
| #define HAVE_INTTYPES_H 1
| #define HAVE_STDINT_H 1
| #define HAVE_UNISTD_H 1
| #define HAVE_UNISTD_H 1
| #define MAJOR_IN_SYSMACROS 1
| #define major_t unsigned int
| #define minor_t unsigned int
| #define HAVE_DEV_T 1
| #define HAVE_SOCKLEN_T 1
| #define HAVE_UINT64_T 1
| #define HAVE_NLINK_T 1
| #define NEED_BASENAME 1
| #define HAVE_LIBGEN_H 1
| #define NEED_DIRNAME 1
| #define HAVE_LIBGEN_H 1
| #define NEED_FNMATCH 1
| #define HAVE_FNMATCH_H 1
| /* end confdefs.h.  */
| #include <fnmatch.h>
| #	   define y(a, b, c) (fnmatch (a, b, c) == 0)
| #	   define n(a, b, c) (fnmatch (a, b, c) == FNM_NOMATCH)
| 
| int
| main ()
| {
| exit
| 	   (!(y ("a*", "abc", 0)
| 	      && n ("d*/*1", "d/s/1", FNM_PATHNAME)
| 	      && y ("a\\bc", "abc", 0)
| 	      && n ("a\\bc", "abc", FNM_NOESCAPE)
| 	      && y ("*x", ".x", 0)
| 	      && n ("*x", ".x", FNM_PERIOD)
| 	      && 1));
|   ;
|   return 0;
| }
configure:5979: result: no
configure:6007: checking ctype.h usability
configure:6020: gcc -c -g -O2  conftest.c >&5
configure:6023: $? = 0
configure:6026: test -s conftest.o
configure:6029: $? = 0
configure:6039: result: yes
configure:6043: checking ctype.h presence
configure:6054: gcc -E  conftest.c
configure:6060: $? = 0
configure:6079: result: yes
configure:6115: checking for ctype.h
configure:6122: result: yes
configure:6142: checking for lchown
configure:6192: gcc -o conftest -g -O2   conftest.c  >&5
configure:6195: $? = 0
configure:6198: test -s conftest
configure:6201: $? = 0
configure:6212: result: yes
configure:6229: checking whether makedev expects three arguments
configure:6278: gcc -o conftest -g -O2   conftest.c  >&5
configure: In function 'main':
configure:6297:26: error: macro 'makedev' passed 3 arguments, but takes just 2
 6297 | fi
      |                          ^
In file included from configure:6285:
/usr/include/sys/sysmacros.h:62:9: note: macro 'makedev' defined here
   62 | #define makedev(maj, min) gnu_dev_makedev (maj, min)
      |         ^~~~~~~
configure:6297:7: error: 'makedev' undeclared (first use in this function)
 6297 | fi
      |       ^      
configure:6297:7: note: each undeclared identifier is reported only once for each function it appears in
configure:6300:3: error: implicit declaration of function 'exit' [-Wimplicit-function-declaration]
 6300 | 
      |   ^   
configure:6286:1: note: include '<stdlib.h>' or provide a declaration of 'exit'
 6285 |   ac_status=$?
  +++ |+#include <stdlib.h>
 6286 |   echo "$as_me:$LINENO: \$? = $ac_status" >&5
configure:6300:3: warning: incompatible implicit declaration of built-in function 'exit' [-Wbuiltin-declaration-mismatch]
 6300 | 
      |   ^   
configure:6300:3: note: include '<stdlib.h>' or provide a declaration of 'exit'
configure:6301:1: warning: incompatible implicit declaration of built-in function 'exit' [-Wbuiltin-declaration-mismatch]
 6301 | fi
      | ^~  
configure:6301:1: note: include '<stdlib.h>' or provide a declaration of 'exit'
configure:6281: $? = 1
configure: program exited with status 1
configure: failed program was:
| 
|       #line 6241 "configure"
| /* confdefs.h.  */
| 
| #define PACKAGE_NAME "libtar"
| #define PACKAGE_TARNAME "libtar"
| #define PACKAGE_VERSION "1.2.11"
| #define PACKAGE_STRING "libtar 1.2.11"
| #define PACKAGE_BUGREPORT ""
| #define NEED_STRLCPY 1
| #define HAVE_STRLCPY 1
| #define NEED_STRSEP 1
| #define HAVE_STRSEP 1
| #define HAVE_SYS_TYPES_H 1
| #define HAVE_SYS_STAT_H 1
| #define HAVE_STDLIB_H 1
| #define HAVE_STRING_H 1
| #define HAVE_MEMORY_H 1
| #define HAVE_STRINGS_H 1
| #define HAVE_INTTYPES_H 1
| #define HAVE_STDINT_H 1
| #define HAVE_UNISTD_H 1
| #define HAVE_UNISTD_H 1
| #define MAJOR_IN_SYSMACROS 1
| #define major_t unsigned int
| #define minor_t unsigned int
| #define HAVE_DEV_T 1
| #define HAVE_SOCKLEN_T 1
| #define HAVE_UINT64_T 1
| #define HAVE_NLINK_T 1
| #define NEED_BASENAME 1
| #define HAVE_LIBGEN_H 1
| #define NEED_DIRNAME 1
| #define HAVE_LIBGEN_H 1
| #define NEED_FNMATCH 1
| #define HAVE_FNMATCH_H 1
| #define HAVE_CTYPE_H 1
| #define HAVE_LCHOWN 1
| #define NEED_MAKEDEV 1
| /* end confdefs.h.  */
| 
| #include <sys/types.h>
| #ifdef MAJOR_IN_MKDEV
| # include <sys/mkdev.h>
| #else
| # ifdef MAJOR_IN_SYSMACROS
| #  include <sys/sysmacros.h>
| # endif
| #endif
| 
| int
| main ()
| {
| 
| dev_t dev;
| major_t maj = 5;
| minor_t min = 7;
| 
| dev = makedev(0, maj, min);
| if (major(dev) != maj
|     || minor(dev) != min)
|   exit(1);
| exit(0);
| 
|   ;
|   return 0;
| }
configure:6302: result: no
configure:6318: checking for working snprintf
configure:6370: gcc -o conftest -g -O2   conftest.c  >&5
configure: In function 'main':
configure:6390:5: error: implicit declaration of function 'memset' [-Wimplicit-function-declaration]
 6390 | fi
      |     ^     
configure:6368:1: note: include '<string.h>' or provide a declaration of 'memset'
 6367 | 
  +++ |+#include <string.h>
 6368 | _ACEOF
configure:6390:5: warning: incompatible implicit declaration of built-in function 'memset' [-Wbuiltin-declaration-mismatch]
 6390 | fi
      |     ^     
configure:6390:5: note: include '<string.h>' or provide a declaration of 'memset'
configure:6393:29: error: implicit declaration of function 'strcmp' [-Wimplicit-function-declaration]
 6393 | echo "$as_me:$LINENO: result: $compat_cv_func_snprintf_works" >&5
      |                             ^~~~~~
configure:6393:29: note: include '<string.h>' or provide a declaration of 'strcmp'
configure:6394:7: error: implicit declaration of function 'exit' [-Wimplicit-function-declaration]
 6394 | echo "${ECHO_T}$compat_cv_func_snprintf_works" >&6
      |       ^~~~
configure:6368:1: note: include '<stdlib.h>' or provide a declaration of 'exit'
 6367 | 
  +++ |+#include <stdlib.h>
 6368 | _ACEOF
configure:6394:7: warning: incompatible implicit declaration of built-in function 'exit' [-Wbuiltin-declaration-mismatch]
 6394 | echo "${ECHO_T}$compat_cv_func_snprintf_works" >&6
      |       ^~~~
configure:6394:7: note: include '<stdlib.h>' or provide a declaration of 'exit'
configure:6397:3: warning: incompatible implicit declaration of built-in function 'exit' [-Wbuiltin-declaration-mismatch]
 6397 | cat >>confdefs.h <<\_ACEOF
      |   ^~~~
configure:6397:3: note: include '<stdlib.h>' or provide a declaration of 'exit'
configure:6373: $? = 1
configure: program exited with status 1
configure: failed program was:
| #line 6327 "configure"
| /* confdefs.h.  */
| 
| #define PACKAGE_NAME "libtar"
| #define PACKAGE_TARNAME "libtar"
| #define PACKAGE_VERSION "1.2.11"
| #define PACKAGE_STRING "libtar 1.2.11"
| #define PACKAGE_BUGREPORT ""
| #define NEED_STRLCPY 1
| #define HAVE_STRLCPY 1
| #define NEED_STRSEP 1
| #define HAVE_STRSEP 1
| #define HAVE_SYS_TYPES_H 1
| #define HAVE_SYS_STAT_H 1
| #define HAVE_STDLIB_H 1
| #define HAVE_STRING_H 1
| #define HAVE_MEMORY_H 1
| #define HAVE_STRINGS_H 1
| #define HAVE_INTTYPES_H 1
| #define HAVE_STDINT_H 1
| #define HAVE_UNISTD_H 1
| #define HAVE_UNISTD_H 1
| #define MAJOR_IN_SYSMACROS 1
| #define major_t unsigned int
| #define minor_t unsigned int
| #define HAVE_DEV_T 1
| #define HAVE_SOCKLEN_T 1
| #define HAVE_UINT64_T 1
| #define HAVE_NLINK_T 1
| #define NEED_BASENAME 1
| #define HAVE_LIBGEN_H 1
| #define NEED_DIRNAME 1
| #define HAVE_LIBGEN_H 1
| #define NEED_FNMATCH 1
| #define HAVE_FNMATCH_H 1
| #define HAVE_CTYPE_H 1
| #define HAVE_LCHOWN 1
| #define NEED_MAKEDEV 1
| #define NEED_SNPRINTF 1
| /* end confdefs.h.  */
| 
| #include <stdio.h>
| 
| typedef struct {
|   int length;
|   char *test;
|   int retval;
|   char *result;
| } test_t;
| 
| const test_t tests[] = {
|   { 10, "12345678901234567890", 20, "123456789" },
| #if 0
|   { 0, "12345678901234567890", 20, NULL },
|   { -1, "12345678901234567890", -1, NULL },
| #endif
|   { 0, NULL, 0, NULL }
| };
| 
| int main() {
|   char test1[1024];
|   int i;
| 
|   for (i = 0; tests[i].test; i++) {
|     memset(test1, 'X', sizeof(test1));
|     if ((snprintf(test1, tests[i].length, "%s", tests[i].test)
|          != tests[i].retval) ||
|         (tests[i].result && strcmp(tests[i].result, test1)))
|       exit(1);
|   }
| 
|   exit(0);
| }
| 
configure:6393: result: no
configure:6412: checking for strdup
configure:6462: gcc -o conftest -g -O2   conftest.c  >&5
configure:6473:6: warning: conflicting types for built-in function 'strdup'; expected 'char *(const char *)' [-Wbuiltin-declaration-mismatch]
 6473 |   ac_cv_func_strdup=yes
      |      ^~~~~~
configure:6465: $? = 0
configure:6468: test -s conftest
configure:6471: $? = 0
configure:6482: result: yes
configure:6501: checking for strftime
configure:6551: gcc -o conftest -g -O2   conftest.c  >&5
configure:6563:6: warning: conflicting types for built-in function 'strftime'; expected 'long unsigned int(char *, long unsigned int,  const char *, const void *)' [-Wbuiltin-declaration-mismatch]
 6563 | else
      |      ^       
configure:6553:1: note: 'strftime' is declared in header '<time.h>'
 6552 |   (eval $ac_link) 2>&5
  +++ |+#include <time.h>
 6553 |   ac_status=$?
configure:6554: $? = 0
configure:6557: test -s conftest
configure:6560: $? = 0
configure:6571: result: yes
configure:6652: checking for strlcpy
configure:6722: result: yes
configure:6744: checking for strmode
configure:6794: gcc -o conftest -g -O2   conftest.c  >&5
/usr/bin/ld: /tmp/ccIBQxYi.o:/home/bou/code/git/t2_installer/deps/mine-0.23/libtar-1.2.11/configure:6817:(.data+0x0): undefined reference to `strmode'
/usr/bin/ld: /tmp/ccIBQxYi.o: in function `main':
/home/bou/code/git/t2_installer/deps/mine-0.23/libtar-1.2.11/configure:6826:(.text.startup+0x9): undefined reference to `strmode'
collect2: error: ld returned 1 exit status
configure:6797: $? = 1
configure: failed program was:
| #line 6749 "configure"
| /* confdefs.h.  */
| 
| #define PACKAGE_NAME "libtar"
| #define PACKAGE_TARNAME "libtar"
| #define PACKAGE_VERSION "1.2.11"
| #define PACKAGE_STRING "libtar 1.2.11"
| #define PACKAGE_BUGREPORT ""
| #define NEED_STRLCPY 1
| #define HAVE_STRLCPY 1
| #define NEED_STRSEP 1
| #define HAVE_STRSEP 1
| #define HAVE_SYS_TYPES_H 1
| #define HAVE_SYS_STAT_H 1
| #define HAVE_STDLIB_H 1
| #define HAVE_STRING_H 1
| #define HAVE_MEMORY_H 1
| #define HAVE_STRINGS_H 1
| #define HAVE_INTTYPES_H 1
| #define HAVE_STDINT_H 1
| #define HAVE_UNISTD_H 1
| #define HAVE_UNISTD_H 1
| #define MAJOR_IN_SYSMACROS 1
| #define major_t unsigned int
| #define minor_t unsigned int
| #define HAVE_DEV_T 1
| #define HAVE_SOCKLEN_T 1
| #define HAVE_UINT64_T 1
| #define HAVE_NLINK_T 1
| #define NEED_BASENAME 1
| #define HAVE_LIBGEN_H 1
| #define NEED_DIRNAME 1
| #define HAVE_LIBGEN_H 1
| #define NEED_FNMATCH 1
| #define HAVE_FNMATCH_H 1
| #define HAVE_CTYPE_H 1
| #define HAVE_LCHOWN 1
| #define NEED_MAKEDEV 1
| #define NEED_SNPRINTF 1
| #define NEED_STRDUP 1
| #define HAVE_STRDUP 1
| #define HAVE_STRFTIME 1
| #define NEED_STRLCPY 1
| #define HAVE_STRLCPY 1
| #define NEED_STRMODE 1
| /* end confdefs.h.  */
| /* System header to define __stub macros and hopefully few prototypes,
|     which can conflict with char strmode (); below.
|     Prefer <limits.h> to <assert.h> if __STDC__ is defined, since
|     <limits.h> exists even on freestanding compilers.  */
| #ifdef __STDC__
| # include <limits.h>
| #else
| # include <assert.h>
| #endif
| /* Override any gcc2 internal prototype to avoid an error.  */
| #ifdef __cplusplus
| extern "C"
| {
| #endif
| /* We use char because int might match the return type of a gcc2
|    builtin and then its argument prototype would still apply.  */
| char strmode ();
| /* The GNU C library defines this for functions which it implements
|     to always fail with ENOSYS.  Some functions are actually named
|     something starting with __ and the normal name is an alias.  */
| #if defined (__stub_strmode) || defined (__stub___strmode)
| choke me
| #else
| char (*f) () = strmode;
| #endif
| #ifdef __cplusplus
| }
| #endif
| 
| int
| main ()
| {
| return f != strmode;
|   ;
|   return 0;
| }
configure:6814: result: no
configure:6836: checking for strsep
configure:6906: result: yes
configure:7096: creating ./config.status

## ---------------------- ##
## Running config.status. ##
## ---------------------- ##

This file was extended by libtar config.status 1.2.11, which was
generated by GNU Autoconf 2.57.  Invocation command line was

  CONFIG_FILES    = 
  CONFIG_HEADERS  = 
  CONFIG_LINKS    = 
  CONFIG_COMMANDS = 
  $ ./config.status 

on fedora-5950x

config.status:635: creating listhash/libtar_listhash.h
config.status:635: creating listhash/libtar_list.c
config.status:635: creating listhash/libtar_hash.c
config.status:635: creating listhash/libtar_list_new.3
config.status:635: creating listhash/libtar_hash_new.3
config.status:635: creating Makefile
config.status:635: creating lib/Makefile
config.status:635: creating libtar/Makefile
config.status:635: creating doc/Makefile
config.status:739: creating config.h
config.status:914: config.h is unchanged

## ---------------- ##
## Cache variables. ##
## ---------------- ##

ac_cv_c_compiler_gnu=yes
ac_cv_c_const=yes
ac_cv_env_CC_set=
ac_cv_env_CC_value=
ac_cv_env_CFLAGS_set=
ac_cv_env_CFLAGS_value=
ac_cv_env_CPPFLAGS_set=
ac_cv_env_CPPFLAGS_value=
ac_cv_env_CPP_set=
ac_cv_env_CPP_value=
ac_cv_env_LDFLAGS_set=
ac_cv_env_LDFLAGS_value=
ac_cv_env_build_alias_set=
ac_cv_env_build_alias_value=
ac_cv_env_host_alias_set=
ac_cv_env_host_alias_value=
ac_cv_env_target_alias_set=
ac_cv_env_target_alias_value=
ac_cv_exeext=
ac_cv_func_fnmatch_works=no
ac_cv_func_lchown=yes
ac_cv_func_strdup=yes
ac_cv_func_strftime=yes
ac_cv_func_strlcpy=yes
ac_cv_func_strmode=no
ac_cv_func_strsep=yes
ac_cv_header_ctype_h=yes
ac_cv_header_fnmatch_h=yes
ac_cv_header_inttypes_h=yes
ac_cv_header_libgen_h=yes
ac_cv_header_memory_h=yes
ac_cv_header_stdc=no
ac_cv_header_stdint_h=yes
ac_cv_header_stdlib_h=yes
ac_cv_header_string_h=yes
ac_cv_header_strings_h=yes
ac_cv_header_sys_mkdev_h=no
ac_cv_header_sys_stat_h=yes
ac_cv_header_sys_sysmacros_h=yes
ac_cv_header_sys_types_h=yes
ac_cv_header_sys_types_h_makedev=no
ac_cv_header_unistd_h=yes
ac_cv_objext=o
ac_cv_path_install='/usr/bin/install -c'
ac_cv_prog_CPP='gcc -E'
ac_cv_prog_ac_ct_CC=gcc
ac_cv_prog_ac_ct_RANLIB=ranlib
ac_cv_prog_cc_g=yes
ac_cv_prog_cc_stdc=
ac_cv_prog_egrep='grep -E'
ac_cv_prog_make_make_set=yes
ac_cv_type_dev_t=yes
ac_cv_type_major_t=no
ac_cv_type_minor_t=no
ac_cv_type_mode_t=yes
ac_cv_type_nlink_t=yes
ac_cv_type_off_t=yes
ac_cv_type_size_t=yes
ac_cv_type_socklen_t=yes
ac_cv_type_uid_t=yes
ac_cv_type_uint64_t=yes
compat_cv_func_basename_works=no
compat_cv_func_dirname_works=no
compat_cv_func_makedev_three_args=no
compat_cv_func_snprintf_works=no

## ----------------- ##
## Output variables. ##
## ----------------- ##

CC='gcc'
CFLAGS='-g -O2'
CPP='gcc -E'
CPPFLAGS=''
DEFS='-DHAVE_CONFIG_H'
ECHO_C=''
ECHO_N='-n'
ECHO_T=''
EGREP='grep -E'
ENCAP_DEFS=''
ENCAP_INSTALL_RULES=''
ENCAP_INSTALL_TARGET=''
EPKG=''
EXEEXT=''
INSTALL_DATA='${INSTALL} -m 644'
INSTALL_PROGRAM='${INSTALL}'
INSTALL_SCRIPT='${INSTALL}'
LDFLAGS=''
LIBOBJS=' basename$U.o dirname$U.o fnmatch$U.o snprintf$U.o strmode$U.o'
LIBS=''
LISTHASH_DIR='listhash'
LISTHASH_PREFIX='libtar'
LN_S='ln -s'
LTLIBOBJS=' basename$U.lo dirname$U.lo fnmatch$U.lo snprintf$U.lo strmode$U.lo'
MKDIR='mkdir -p -m 755'
MKENCAP=''
OBJEXT='o'
PACKAGE_BUGREPORT=''
PACKAGE_NAME='libtar'
PACKAGE_STRING='libtar 1.2.11'
PACKAGE_TARNAME='libtar'
PACKAGE_VERSION='1.2.11'
PATH_SEPARATOR=':'
RANLIB='ranlib'
SET_MAKE=''
SHELL='/bin/sh'
ac_ct_CC='gcc'
ac_ct_RANLIB='ranlib'
bindir='${exec_prefix}/bin'
build_alias=''
datadir='${prefix}/share'
exec_prefix='${prefix}'
host_alias=''
includedir='${prefix}/include'
infodir='${prefix}/info'
libdir='${exec_prefix}/lib'
libexecdir='${exec_prefix}/libexec'
localstatedir='${prefix}/var'
mandir='${prefix}/man'
oldincludedir='/usr/include'
prefix='/usr/local'
program_transform_name='s,x,x,'
sbindir='${exec_prefix}/sbin'
sharedstatedir='${prefix}/com'
sysconfdir='${prefix}/etc'
target_alias=''

## ----------- ##
## confdefs.h. ##
## ----------- ##

#define HAVE_CTYPE_H 1
#define HAVE_DEV_T 1
#define HAVE_FNMATCH_H 1
#define HAVE_INTTYPES_H 1
#define HAVE_LCHOWN 1
#define HAVE_LIBGEN_H 1
#define HAVE_LIBGEN_H 1
#define HAVE_MEMORY_H 1
#define HAVE_NLINK_T 1
#define HAVE_SOCKLEN_T 1
#define HAVE_STDINT_H 1
#define HAVE_STDLIB_H 1
#define HAVE_STRDUP 1
#define HAVE_STRFTIME 1
#define HAVE_STRINGS_H 1
#define HAVE_STRING_H 1
#define HAVE_STRLCPY 1
#define HAVE_STRLCPY 1
#define HAVE_STRSEP 1
#define HAVE_STRSEP 1
#define HAVE_SYS_STAT_H 1
#define HAVE_SYS_TYPES_H 1
#define HAVE_UINT64_T 1
#define HAVE_UNISTD_H 1
#define HAVE_UNISTD_H 1
#define MAJOR_IN_SYSMACROS 1
#define NEED_BASENAME 1
#define NEED_DIRNAME 1
#define NEED_FNMATCH 1
#define NEED_MAKEDEV 1
#define NEED_SNPRINTF 1
#define NEED_STRDUP 1
#define NEED_STRLCPY 1
#define NEED_STRLCPY 1
#define NEED_STRMODE 1
#define NEED_STRSEP 1
#define NEED_STRSEP 1
#define PACKAGE_BUGREPORT ""
#define PACKAGE_NAME "libtar"
#define PACKAGE_STRING "libtar 1.2.11"
#define PACKAGE_TARNAME "libtar"
#define PACKAGE_VERSION "1.2.11"
#define major_t unsigned int
#define minor_t unsigned int

configure: exit 0
